// Jest Snapshot v1, https://goo.gl/fbAQLP

exports[`renders empty 1`] = `
<RCTScrollView
  data={[]}
  getItem={[Function]}
  getItemCount={[Function]}
  keyExtractor={[Function]}
  onContentSizeChange={[Function]}
  onLayout={[Function]}
  onMomentumScrollBegin={[Function]}
  onMomentumScrollEnd={[Function]}
  onScroll={[Function]}
  onScrollBeginDrag={[Function]}
  onScrollEndDrag={[Function]}
  renderItem={[Function]}
  scrollEventThrottle={50}
  stickyHeaderIndices={[]}
>
  <View />
</RCTScrollView>
`;

exports[`renders multiple 1`] = `
<RCTScrollView
  data={
    [
      {
        "data": [
          {
            "email": "email",
            "id": 1,
            "name": "name",
            "surname": "surname",
          },
          {
            "email": "email",
            "id": 2,
            "name": "name",
            "surname": "surname",
          },
        ],
        "title": "Znajomi",
      },
    ]
  }
  getItem={[Function]}
  getItemCount={[Function]}
  keyExtractor={[Function]}
  onContentSizeChange={[Function]}
  onLayout={[Function]}
  onMomentumScrollBegin={[Function]}
  onMomentumScrollEnd={[Function]}
  onScroll={[Function]}
  onScrollBeginDrag={[Function]}
  onScrollEndDrag={[Function]}
  renderItem={[Function]}
  scrollEventThrottle={50}
  stickyHeaderIndices={
    [
      0,
    ]
  }
>
  <View>
    <View
      onFocusCapture={[Function]}
      onLayout={[Function]}
      style={null}
    >
      <View
        style={
          {
            "color": "#fff",
            "marginTop": 12,
            "padding": 8,
          }
        }
      >
        <Text
          style={
            {
              "color": "#fff",
              "fontSize": 21,
              "fontWeight": "bold",
            }
          }
        >
          Znajomi
        </Text>
      </View>
    </View>
    <View
      onFocusCapture={[Function]}
      onLayout={[Function]}
      style={null}
    >
      <View
        style={
          {
            "backgroundColor": "#131417",
            "borderRadius": 20,
            "marginVertical": 4,
            "padding": 16,
            "shadowColor": "black",
            "shadowOffset": {
              "height": -3,
              "width": 0,
            },
            "shadowOpacity": 0.3,
            "shadowRadius": 4,
          }
        }
      >
        <View
          style={
            {
              "alignItems": "center",
              "display": "flex",
              "flexDirection": "row",
              "justifyContent": "flex-start",
            }
          }
        >
          <View
            style={
              {
                "alignItems": "center",
                "flex": 0.75,
                "flexDirection": "row",
              }
            }
          >
            <View
              accessibilityState={
                {
                  "busy": undefined,
                  "checked": undefined,
                  "disabled": false,
                  "expanded": undefined,
                  "selected": undefined,
                }
              }
              accessibilityValue={
                {
                  "max": undefined,
                  "min": undefined,
                  "now": undefined,
                  "text": undefined,
                }
              }
              accessible={true}
              collapsable={false}
              focusable={true}
              onBlur={[Function]}
              onClick={[Function]}
              onFocus={[Function]}
              onResponderGrant={[Function]}
              onResponderMove={[Function]}
              onResponderRelease={[Function]}
              onResponderTerminate={[Function]}
              onResponderTerminationRequest={[Function]}
              onStartShouldSetResponder={[Function]}
            >
              <Image
                onError={[Function]}
                source={
                  {
                    "uri": "https://symfony-server-kg.loca.lt/api/avatar/get/1",
                  }
                }
                style={
                  {
                    "backgroundColor": "#F2B138",
                    "borderRadius": 5,
                    "height": 50,
                    "marginRight": 10,
                    "padding": 1,
                    "shadowColor": "black",
                    "width": 50,
                  }
                }
              />
            </View>
            <Text
              style={
                {
                  "color": "#fff",
                  "fontSize": 18,
                  "fontWeight": "bold",
                }
              }
            >
              name
               
              surname
            </Text>
          </View>
          <View
            style={
              {
                "flex": 0.25,
              }
            }
          >
            <View
              accessibilityState={
                {
                  "busy": undefined,
                  "checked": undefined,
                  "disabled": undefined,
                  "expanded": undefined,
                  "selected": undefined,
                }
              }
              accessibilityValue={
                {
                  "max": undefined,
                  "min": undefined,
                  "now": undefined,
                  "text": undefined,
                }
              }
              accessible={true}
              collapsable={false}
              focusable={true}
              onBlur={[Function]}
              onClick={[Function]}
              onFocus={[Function]}
              onResponderGrant={[Function]}
              onResponderMove={[Function]}
              onResponderRelease={[Function]}
              onResponderTerminate={[Function]}
              onResponderTerminationRequest={[Function]}
              onStartShouldSetResponder={[Function]}
              style={
                [
                  {
                    "alignItems": "center",
                    "borderRadius": 20,
                    "height": 60,
                    "justifyContent": "center",
                    "marginVertical": 5,
                    "padding": 0,
                    "width": "100%",
                  },
                  {
                    "backgroundColor": "#F2B138",
                  },
                  {},
                  undefined,
                ]
              }
            >
              <Text
                style={
                  [
                    {
                      "fontWeight": "bold",
                    },
                    {
                      "color": "white",
                    },
                    {},
                    undefined,
                  ]
                }
              >
                Usu≈Ñ
              </Text>
            </View>
          </View>
        </View>
      </View>
    </View>
    <View
      onFocusCapture={[Function]}
      onLayout={[Function]}
      style={null}
    >
      <View
        style={
          {
            "backgroundColor": "#131417",
            "borderRadius": 20,
            "marginVertical": 4,
            "padding": 16,
            "shadowColor": "black",
            "shadowOffset": {
              "height": -3,
              "width": 0,
            },
            "shadowOpacity": 0.3,
            "shadowRadius": 4,
          }
        }
      >
        <View
          style={
            {
              "alignItems": "center",
              "display": "flex",
              "flexDirection": "row",
              "justifyContent": "flex-start",
            }
          }
        >
          <View
            style={
              {
                "alignItems": "center",
                "flex": 0.75,
                "flexDirection": "row",
              }
            }
          >
            <View
              accessibilityState={
                {
                  "busy": undefined,
                  "checked": undefined,
                  "disabled": false,
                  "expanded": undefined,
                  "selected": undefined,
                }
              }
              accessibilityValue={
                {
                  "max": undefined,
                  "min": undefined,
                  "now": undefined,
                  "text": undefined,
                }
              }
              accessible={true}
              collapsable={false}
              focusable={true}
              onBlur={[Function]}
              onClick={[Function]}
              onFocus={[Function]}
              onResponderGrant={[Function]}
              onResponderMove={[Function]}
              onResponderRelease={[Function]}
              onResponderTerminate={[Function]}
              onResponderTerminationRequest={[Function]}
              onStartShouldSetResponder={[Function]}
            >
              <Image
                onError={[Function]}
                source={
                  {
                    "uri": "https://symfony-server-kg.loca.lt/api/avatar/get/2",
                  }
                }
                style={
                  {
                    "backgroundColor": "#F2B138",
                    "borderRadius": 5,
                    "height": 50,
                    "marginRight": 10,
                    "padding": 1,
                    "shadowColor": "black",
                    "width": 50,
                  }
                }
              />
            </View>
            <Text
              style={
                {
                  "color": "#fff",
                  "fontSize": 18,
                  "fontWeight": "bold",
                }
              }
            >
              name
               
              surname
            </Text>
          </View>
          <View
            style={
              {
                "flex": 0.25,
              }
            }
          >
            <View
              accessibilityState={
                {
                  "busy": undefined,
                  "checked": undefined,
                  "disabled": undefined,
                  "expanded": undefined,
                  "selected": undefined,
                }
              }
              accessibilityValue={
                {
                  "max": undefined,
                  "min": undefined,
                  "now": undefined,
                  "text": undefined,
                }
              }
              accessible={true}
              collapsable={false}
              focusable={true}
              onBlur={[Function]}
              onClick={[Function]}
              onFocus={[Function]}
              onResponderGrant={[Function]}
              onResponderMove={[Function]}
              onResponderRelease={[Function]}
              onResponderTerminate={[Function]}
              onResponderTerminationRequest={[Function]}
              onStartShouldSetResponder={[Function]}
              style={
                [
                  {
                    "alignItems": "center",
                    "borderRadius": 20,
                    "height": 60,
                    "justifyContent": "center",
                    "marginVertical": 5,
                    "padding": 0,
                    "width": "100%",
                  },
                  {
                    "backgroundColor": "#F2B138",
                  },
                  {},
                  undefined,
                ]
              }
            >
              <Text
                style={
                  [
                    {
                      "fontWeight": "bold",
                    },
                    {
                      "color": "white",
                    },
                    {},
                    undefined,
                  ]
                }
              >
                Usu≈Ñ
              </Text>
            </View>
          </View>
        </View>
      </View>
    </View>
    <View
      onFocusCapture={[Function]}
      onLayout={[Function]}
      style={null}
    />
  </View>
</RCTScrollView>
`;
